LTspice 26.0.2 for Windows
Circuit: C:\Users\karan\Desktop\Important\Projects\fault-classification-project\ltspice_models\rc_drift_sweep.net
Start Time: Mon Jul  6 13:22:38 2026

.step rval=150
solver = Normal
Maximum thread count: 8
tnom = 27
temp = 27
method = trap
.OP point found by inspection.
.OP point found by inspection.

.step rval=449
.OP point found by inspection.
.OP point found by inspection.

.step rval=748
.OP point found by inspection.
.OP point found by inspection.

.step rval=1047
.OP point found by inspection.
.OP point found by inspection.

.step rval=1346
.OP point found by inspection.
.OP point found by inspection.

.step rval=1645
.OP point found by inspection.
.OP point found by inspection.

.step rval=1944
.OP point found by inspection.
.OP point found by inspection.

.step rval=2243
.OP point found by inspection.
.OP point found by inspection.

.step rval=2542
.OP point found by inspection.
.OP point found by inspection.

.step rval=2841
.OP point found by inspection.
.OP point found by inspection.

.step rval=3140
.OP point found by inspection.
.OP point found by inspection.

.step rval=3439
.OP point found by inspection.
.OP point found by inspection.

.step rval=3738
.OP point found by inspection.
.OP point found by inspection.

.step rval=4037
.OP point found by inspection.
.OP point found by inspection.

.step rval=4336
.OP point found by inspection.
.OP point found by inspection.

.step rval=4635
.OP point found by inspection.
.OP point found by inspection.

.step rval=4934
.OP point found by inspection.
.OP point found by inspection.

.step rval=5233
.OP point found by inspection.
.OP point found by inspection.

.step rval=5532
.OP point found by inspection.
.OP point found by inspection.

.step rval=5831
.OP point found by inspection.
.OP point found by inspection.

.step rval=6130
.OP point found by inspection.
.OP point found by inspection.

.step rval=6429
.OP point found by inspection.
.OP point found by inspection.

.step rval=6728
.OP point found by inspection.
.OP point found by inspection.

.step rval=7027
.OP point found by inspection.
.OP point found by inspection.

.step rval=7326
.OP point found by inspection.
.OP point found by inspection.

.step rval=7625
.OP point found by inspection.
.OP point found by inspection.

.step rval=7924
.OP point found by inspection.
.OP point found by inspection.

.step rval=8223
.OP point found by inspection.
.OP point found by inspection.

.step rval=8522
.OP point found by inspection.
.OP point found by inspection.

.step rval=8821
.OP point found by inspection.
.OP point found by inspection.

.step rval=9120
.OP point found by inspection.
.OP point found by inspection.

.step rval=9419
.OP point found by inspection.
.OP point found by inspection.

.step rval=9718
.OP point found by inspection.
.OP point found by inspection.

.step rval=10017
.OP point found by inspection.
.OP point found by inspection.

.step rval=10316
.OP point found by inspection.
.OP point found by inspection.

.step rval=10615
.OP point found by inspection.
.OP point found by inspection.

.step rval=10914
.OP point found by inspection.
.OP point found by inspection.

.step rval=11213
.OP point found by inspection.
.OP point found by inspection.

.step rval=11512
.OP point found by inspection.
.OP point found by inspection.

.step rval=11811
.OP point found by inspection.
.OP point found by inspection.

.step rval=12110
.OP point found by inspection.
.OP point found by inspection.

.step rval=12409
.OP point found by inspection.
.OP point found by inspection.

.step rval=12708
.OP point found by inspection.
.OP point found by inspection.

.step rval=13007
.OP point found by inspection.
.OP point found by inspection.

.step rval=13306
.OP point found by inspection.
.OP point found by inspection.

.step rval=13605
.OP point found by inspection.
.OP point found by inspection.

.step rval=13904
.OP point found by inspection.
.OP point found by inspection.

.step rval=14203
.OP point found by inspection.
.OP point found by inspection.

.step rval=14502
.OP point found by inspection.
.OP point found by inspection.

.step rval=14801
.OP point found by inspection.
.OP point found by inspection.

.step rval=15000
.OP point found by inspection.
.OP point found by inspection.
Total elapsed time: 2.791 seconds.

Files loaded:
C:\Users\karan\Desktop\Important\Projects\fault-classification-project\ltspice_models\rc_drift_sweep.net

