LTspice 26.0.2 for Windows
Circuit: C:\Users\karan\Desktop\Important\Projects\fault-classification-project\ltspice_models\rc_ladder_normal_sweep.net
Start Time: Mon Jul  6 13:17:36 2026

.step rval=100
solver = Normal
Maximum thread count: 8
tnom = 27
temp = 27
method = trap
.OP point found by inspection.
.OP point found by inspection.

.step rval=300
.OP point found by inspection.
.OP point found by inspection.

.step rval=500
.OP point found by inspection.
.OP point found by inspection.

.step rval=700
.OP point found by inspection.
.OP point found by inspection.

.step rval=900
.OP point found by inspection.
.OP point found by inspection.

.step rval=1100
.OP point found by inspection.
.OP point found by inspection.

.step rval=1300
.OP point found by inspection.
.OP point found by inspection.

.step rval=1500
.OP point found by inspection.
.OP point found by inspection.

.step rval=1700
.OP point found by inspection.
.OP point found by inspection.

.step rval=1900
.OP point found by inspection.
.OP point found by inspection.

.step rval=2100
.OP point found by inspection.
.OP point found by inspection.

.step rval=2300
.OP point found by inspection.
.OP point found by inspection.

.step rval=2500
.OP point found by inspection.
.OP point found by inspection.

.step rval=2700
.OP point found by inspection.
.OP point found by inspection.

.step rval=2900
.OP point found by inspection.
.OP point found by inspection.

.step rval=3100
.OP point found by inspection.
.OP point found by inspection.

.step rval=3300
.OP point found by inspection.
.OP point found by inspection.

.step rval=3500
.OP point found by inspection.
.OP point found by inspection.

.step rval=3700
.OP point found by inspection.
.OP point found by inspection.

.step rval=3900
.OP point found by inspection.
.OP point found by inspection.

.step rval=4100
.OP point found by inspection.
.OP point found by inspection.

.step rval=4300
.OP point found by inspection.
.OP point found by inspection.

.step rval=4500
.OP point found by inspection.
.OP point found by inspection.

.step rval=4700
.OP point found by inspection.
.OP point found by inspection.

.step rval=4900
.OP point found by inspection.
.OP point found by inspection.

.step rval=5100
.OP point found by inspection.
.OP point found by inspection.

.step rval=5300
.OP point found by inspection.
.OP point found by inspection.

.step rval=5500
.OP point found by inspection.
.OP point found by inspection.

.step rval=5700
.OP point found by inspection.
.OP point found by inspection.

.step rval=5900
.OP point found by inspection.
.OP point found by inspection.

.step rval=6100
.OP point found by inspection.
.OP point found by inspection.

.step rval=6300
.OP point found by inspection.
.OP point found by inspection.

.step rval=6500
.OP point found by inspection.
.OP point found by inspection.

.step rval=6700
.OP point found by inspection.
.OP point found by inspection.

.step rval=6900
.OP point found by inspection.
.OP point found by inspection.

.step rval=7100
.OP point found by inspection.
.OP point found by inspection.

.step rval=7300
.OP point found by inspection.
.OP point found by inspection.

.step rval=7500
.OP point found by inspection.
.OP point found by inspection.

.step rval=7700
.OP point found by inspection.
.OP point found by inspection.

.step rval=7900
.OP point found by inspection.
.OP point found by inspection.

.step rval=8100
.OP point found by inspection.
.OP point found by inspection.

.step rval=8300
.OP point found by inspection.
.OP point found by inspection.

.step rval=8500
.OP point found by inspection.
.OP point found by inspection.

.step rval=8700
.OP point found by inspection.
.OP point found by inspection.

.step rval=8900
.OP point found by inspection.
.OP point found by inspection.

.step rval=9100
.OP point found by inspection.
.OP point found by inspection.

.step rval=9300
.OP point found by inspection.
.OP point found by inspection.

.step rval=9500
.OP point found by inspection.
.OP point found by inspection.

.step rval=9700
.OP point found by inspection.
.OP point found by inspection.

.step rval=9900
.OP point found by inspection.
.OP point found by inspection.

.step rval=10000
.OP point found by inspection.
.OP point found by inspection.
Total elapsed time: 2.965 seconds.

Files loaded:
C:\Users\karan\Desktop\Important\Projects\fault-classification-project\ltspice_models\rc_ladder_normal_sweep.net

