LTspice 26.0.2 for Windows
Circuit: C:\Users\karan\Desktop\Important\Projects\fault-classification-project\ltspice_models\rc_open_sweep.net
Start Time: Mon Jul  6 13:20:48 2026

.step rval=1000000
solver = Normal
Maximum thread count: 8
tnom = 27
temp = 27
method = trap
.OP point found by inspection.
.OP point found by inspection.

.step rval=21000000
.OP point found by inspection.
.OP point found by inspection.

.step rval=41000000
.OP point found by inspection.
.OP point found by inspection.

.step rval=61000000
.OP point found by inspection.
.OP point found by inspection.

.step rval=81000000
.OP point found by inspection.
.OP point found by inspection.

.step rval=101000000
.OP point found by inspection.
.OP point found by inspection.

.step rval=121000000
.OP point found by inspection.
.OP point found by inspection.

.step rval=141000000
.OP point found by inspection.
.OP point found by inspection.

.step rval=161000000
.OP point found by inspection.
.OP point found by inspection.

.step rval=181000000
.OP point found by inspection.
.OP point found by inspection.

.step rval=201000000
.OP point found by inspection.
.OP point found by inspection.

.step rval=221000000
.OP point found by inspection.
.OP point found by inspection.

.step rval=241000000
.OP point found by inspection.
.OP point found by inspection.

.step rval=261000000
.OP point found by inspection.
.OP point found by inspection.

.step rval=281000000
.OP point found by inspection.
.OP point found by inspection.

.step rval=301000000
.OP point found by inspection.
.OP point found by inspection.

.step rval=321000000
.OP point found by inspection.
.OP point found by inspection.

.step rval=341000000
.OP point found by inspection.
.OP point found by inspection.

.step rval=361000000
.OP point found by inspection.
.OP point found by inspection.

.step rval=381000000
.OP point found by inspection.
.OP point found by inspection.

.step rval=401000000
.OP point found by inspection.
.OP point found by inspection.

.step rval=421000000
.OP point found by inspection.
.OP point found by inspection.

.step rval=441000000
.OP point found by inspection.
.OP point found by inspection.

.step rval=461000000
.OP point found by inspection.
.OP point found by inspection.

.step rval=481000000
.OP point found by inspection.
.OP point found by inspection.

.step rval=501000000
.OP point found by inspection.
.OP point found by inspection.

.step rval=521000000
.OP point found by inspection.
.OP point found by inspection.

.step rval=541000000
.OP point found by inspection.
.OP point found by inspection.

.step rval=561000000
.OP point found by inspection.
.OP point found by inspection.

.step rval=581000000
.OP point found by inspection.
.OP point found by inspection.

.step rval=601000000
.OP point found by inspection.
.OP point found by inspection.

.step rval=621000000
.OP point found by inspection.
.OP point found by inspection.

.step rval=641000000
.OP point found by inspection.
.OP point found by inspection.

.step rval=661000000
.OP point found by inspection.
.OP point found by inspection.

.step rval=681000000
.OP point found by inspection.
.OP point found by inspection.

.step rval=701000000
.OP point found by inspection.
.OP point found by inspection.

.step rval=721000000
.OP point found by inspection.
.OP point found by inspection.

.step rval=741000000
.OP point found by inspection.
.OP point found by inspection.

.step rval=761000000
.OP point found by inspection.
.OP point found by inspection.

.step rval=781000000
.OP point found by inspection.
.OP point found by inspection.

.step rval=801000000
.OP point found by inspection.
.OP point found by inspection.

.step rval=821000000
.OP point found by inspection.
.OP point found by inspection.

.step rval=841000000
.OP point found by inspection.
.OP point found by inspection.

.step rval=861000000
.OP point found by inspection.
.OP point found by inspection.

.step rval=881000000
.OP point found by inspection.
.OP point found by inspection.

.step rval=901000000
.OP point found by inspection.
.OP point found by inspection.

.step rval=921000000
.OP point found by inspection.
.OP point found by inspection.

.step rval=941000000
.OP point found by inspection.
.OP point found by inspection.

.step rval=961000000
.OP point found by inspection.
.OP point found by inspection.

.step rval=981000000
.OP point found by inspection.
.OP point found by inspection.

.step rval=1000000000
.OP point found by inspection.
.OP point found by inspection.
Total elapsed time: 2.575 seconds.

Files loaded:
C:\Users\karan\Desktop\Important\Projects\fault-classification-project\ltspice_models\rc_open_sweep.net

