LTspice 26.0.2 for Windows
Circuit: C:\Users\karan\Desktop\Important\Projects\fault-classification-project\ltspice_models\rc_short_sweep.net
Start Time: Mon Jul  6 13:21:50 2026

.step cval=1e-13
solver = Normal
Maximum thread count: 8
tnom = 27
temp = 27
method = trap
.OP point found by inspection.
.OP point found by inspection.

.step cval=3e-13
.OP point found by inspection.
.OP point found by inspection.

.step cval=5e-13
.OP point found by inspection.
.OP point found by inspection.

.step cval=7e-13
.OP point found by inspection.
.OP point found by inspection.

.step cval=9e-13
.OP point found by inspection.
.OP point found by inspection.

.step cval=1.1e-12
.OP point found by inspection.
.OP point found by inspection.

.step cval=1.3e-12
.OP point found by inspection.
.OP point found by inspection.

.step cval=1.5e-12
.OP point found by inspection.
.OP point found by inspection.

.step cval=1.7e-12
.OP point found by inspection.
.OP point found by inspection.

.step cval=1.9e-12
.OP point found by inspection.
.OP point found by inspection.

.step cval=2.1e-12
.OP point found by inspection.
.OP point found by inspection.

.step cval=2.3e-12
.OP point found by inspection.
.OP point found by inspection.

.step cval=2.5e-12
.OP point found by inspection.
.OP point found by inspection.

.step cval=2.7e-12
.OP point found by inspection.
.OP point found by inspection.

.step cval=2.9e-12
.OP point found by inspection.
.OP point found by inspection.

.step cval=3.1e-12
.OP point found by inspection.
.OP point found by inspection.

.step cval=3.3e-12
.OP point found by inspection.
.OP point found by inspection.

.step cval=3.5e-12
.OP point found by inspection.
.OP point found by inspection.

.step cval=3.7e-12
.OP point found by inspection.
.OP point found by inspection.

.step cval=3.9e-12
.OP point found by inspection.
.OP point found by inspection.

.step cval=4.1e-12
.OP point found by inspection.
.OP point found by inspection.

.step cval=4.3e-12
.OP point found by inspection.
.OP point found by inspection.

.step cval=4.5e-12
.OP point found by inspection.
.OP point found by inspection.

.step cval=4.7e-12
.OP point found by inspection.
.OP point found by inspection.

.step cval=4.9e-12
.OP point found by inspection.
.OP point found by inspection.

.step cval=5.1e-12
.OP point found by inspection.
.OP point found by inspection.

.step cval=5.3e-12
.OP point found by inspection.
.OP point found by inspection.

.step cval=5.5e-12
.OP point found by inspection.
.OP point found by inspection.

.step cval=5.7e-12
.OP point found by inspection.
.OP point found by inspection.

.step cval=5.9e-12
.OP point found by inspection.
.OP point found by inspection.

.step cval=6.1e-12
.OP point found by inspection.
.OP point found by inspection.

.step cval=6.3e-12
.OP point found by inspection.
.OP point found by inspection.

.step cval=6.5e-12
.OP point found by inspection.
.OP point found by inspection.

.step cval=6.7e-12
.OP point found by inspection.
.OP point found by inspection.

.step cval=6.9e-12
.OP point found by inspection.
.OP point found by inspection.

.step cval=7.1e-12
.OP point found by inspection.
.OP point found by inspection.

.step cval=7.3e-12
.OP point found by inspection.
.OP point found by inspection.

.step cval=7.5e-12
.OP point found by inspection.
.OP point found by inspection.

.step cval=7.7e-12
.OP point found by inspection.
.OP point found by inspection.

.step cval=7.9e-12
.OP point found by inspection.
.OP point found by inspection.

.step cval=8.1e-12
.OP point found by inspection.
.OP point found by inspection.

.step cval=8.3e-12
.OP point found by inspection.
.OP point found by inspection.

.step cval=8.5e-12
.OP point found by inspection.
.OP point found by inspection.

.step cval=8.7e-12
.OP point found by inspection.
.OP point found by inspection.

.step cval=8.9e-12
.OP point found by inspection.
.OP point found by inspection.

.step cval=9.1e-12
.OP point found by inspection.
.OP point found by inspection.

.step cval=9.3e-12
.OP point found by inspection.
.OP point found by inspection.

.step cval=9.5e-12
.OP point found by inspection.
.OP point found by inspection.

.step cval=9.7e-12
.OP point found by inspection.
.OP point found by inspection.

.step cval=9.9e-12
.OP point found by inspection.
.OP point found by inspection.

.step cval=1e-11
.OP point found by inspection.
.OP point found by inspection.
Total elapsed time: 2.628 seconds.

Files loaded:
C:\Users\karan\Desktop\Important\Projects\fault-classification-project\ltspice_models\rc_short_sweep.net

